// Jest Snapshot v1, https://goo.gl/fbAQLP

exports[`renders message when there are no posts 1`] = `
<p>
  No posts found.
</p>
`;

exports[`renders posts 1`] = `
<section
  className="posts"
>
  <ul
    className="nav-list"
  >
    <div
      className="posts__row"
    >
      <li
        className="posts__post"
      >
        <div
          className="dkizvw"
        >
          <header
            className="hrvfSh"
          >
            <h2
              className="fPvNfP"
            >
              <a
                href="/blog/undefined"
                onClick={[Function]}
                title="Read First Post"
              >
                First Post
              </a>
            </h2>
            <div
              className="gWyvVA"
            >
              <span
                aria-hidden={true}
                className="fa fa-clock-o"
              />
               
               
              a few seconds ago
            </div>
            <ul
              className="preview__tags hUhVje"
            >
              <li
                className="gloUTp"
              >
                <a
                  href="/blog/tag/js"
                  onClick={[Function]}
                >
                  js
                </a>
              </li>
            </ul>
          </header>
          <div
            className="dTNsDZ"
          >
            <div>
              <p>
                There's no description.
              </p>
            </div>
          </div>
          <div
            className="fIOUHv"
          >
            <a
              href="/blog/undefined"
              onClick={[Function]}
            >
              Keep Reading
            </a>
          </div>
        </div>
      </li>
      <li
        className="posts__post"
      >
        <div
          className="dkizvw"
        >
          <header
            className="hrvfSh"
          >
            <h2
              className="fPvNfP"
            >
              <a
                href="/blog/undefined"
                onClick={[Function]}
                title="Read Second Post"
              >
                Second Post
              </a>
            </h2>
            <div
              className="gWyvVA"
            >
              <span
                aria-hidden={true}
                className="fa fa-clock-o"
              />
               
               
              a few seconds ago
            </div>
          </header>
          <div
            className="dTNsDZ"
          >
            <div>
              <p>
                There's no description.
              </p>
            </div>
          </div>
          <div
            className="fIOUHv"
          >
            <a
              href="/blog/undefined"
              onClick={[Function]}
            >
              Keep Reading
            </a>
          </div>
        </div>
      </li>
    </div>
  </ul>
</section>
`;

exports[`renders posts with active tag 1`] = `
<section
  className="posts"
>
  <ul
    className="nav-list"
  >
    <div
      className="posts__row"
    >
      <li
        className="posts__post"
      >
        <div
          className="dkizvw"
        >
          <header
            className="hrvfSh"
          >
            <h2
              className="fPvNfP"
            >
              <a
                href="/blog/undefined"
                onClick={[Function]}
                title="Read First Post"
              >
                First Post
              </a>
            </h2>
            <div
              className="gWyvVA"
            >
              <span
                aria-hidden={true}
                className="fa fa-clock-o"
              />
               
               
              a few seconds ago
            </div>
            <ul
              className="preview__tags hUhVje"
            >
              <li
                className="gloUTp"
              >
                <a
                  href="/blog/tag/js"
                  onClick={[Function]}
                >
                  js
                </a>
              </li>
            </ul>
          </header>
          <div
            className="dTNsDZ"
          >
            <div>
              <p>
                There's no description.
              </p>
            </div>
          </div>
          <div
            className="fIOUHv"
          >
            <a
              href="/blog/undefined"
              onClick={[Function]}
            >
              Keep Reading
            </a>
          </div>
        </div>
      </li>
      <li
        className="posts__post"
      >
        <div
          className="dkizvw"
        >
          <header
            className="hrvfSh"
          >
            <h2
              className="fPvNfP"
            >
              <a
                href="/blog/undefined"
                onClick={[Function]}
                title="Read Second Post"
              >
                Second Post
              </a>
            </h2>
            <div
              className="gWyvVA"
            >
              <span
                aria-hidden={true}
                className="fa fa-clock-o"
              />
               
               
              a few seconds ago
            </div>
          </header>
          <div
            className="dTNsDZ"
          >
            <div>
              <p>
                There's no description.
              </p>
            </div>
          </div>
          <div
            className="fIOUHv"
          >
            <a
              href="/blog/undefined"
              onClick={[Function]}
            >
              Keep Reading
            </a>
          </div>
        </div>
      </li>
    </div>
  </ul>
</section>
`;
